31.31.196.101 - - [09/Dec/2025:01:28:02 +0300] "GET /cron/execution/24a6ce34928e452b412ab11d00015ba4 HTTP/1.0" 404 769404 "-" "Wget/1.19.5 (linux-gnu)"
31.31.196.101 - - [09/Dec/2025:01:29:14 +0300] "GET /cron/execution/24a6ce34928e452b412ab11d00015ba4 HTTP/1.0" 404 769404 "-" "Wget/1.19.5 (linux-gnu)"
31.31.196.101 - - [09/Dec/2025:01:30:19 +0300] "GET /cron/execution/24a6ce34928e452b412ab11d00015ba4 HTTP/1.0" 404 769404 "-" "Wget/1.19.5 (linux-gnu)"
31.31.196.101 - - [09/Dec/2025:01:31:02 +0300] "GET /cron/execution/24a6ce34928e452b412ab11d00015ba4 HTTP/1.0" 404 769404 "-" "Wget/1.19.5 (linux-gnu)"
31.31.196.101 - - [09/Dec/2025:01:32:07 +0300] "GET /cron/execution/24a6ce34928e452b412ab11d00015ba4 HTTP/1.0" 404 769404 "-" "Wget/1.19.5 (linux-gnu)"
31.31.196.101 - - [09/Dec/2025:01:33:02 +0300] "GET /cron/execution/24a6ce34928e452b412ab11d00015ba4 HTTP/1.0" 404 769404 "-" "Wget/1.19.5 (linux-gnu)"
31.31.196.101 - - [09/Dec/2025:01:34:01 +0300] "GET /cron/execution/24a6ce34928e452b412ab11d00015ba4 HTTP/1.0" 404 769404 "-" "Wget/1.19.5 (linux-gnu)"
31.31.196.101 - - [09/Dec/2025:01:35:02 +0300] "GET /cron/execution/24a6ce34928e452b412ab11d00015ba4 HTTP/1.0" 404 769404 "-" "Wget/1.19.5 (linux-gnu)"
31.31.196.101 - - [09/Dec/2025:01:36:07 +0300] "GET /cron/execution/24a6ce34928e452b412ab11d00015ba4 HTTP/1.0" 404 769404 "-" "Wget/1.19.5 (linux-gnu)"
40.77.167.4 - - [09/Dec/2025:01:36:33 +0300] "GET /g1798152.shtml HTTP/1.0" 404 769404 "-" "Mozilla/5.0 AppleWebKit/537.36 (KHTML, like Gecko; compatible; bingbot/2.0; +http://www.bing.com/bingbot.htm) Chrome/116.0.1938.76 Safari/537.36"
31.31.196.101 - - [09/Dec/2025:01:37:01 +0300] "GET /cron/execution/24a6ce34928e452b412ab11d00015ba4 HTTP/1.0" 404 769404 "-" "Wget/1.19.5 (linux-gnu)"
17.246.15.4 - - [09/Dec/2025:01:37:03 +0300] "GET /zhivotnye/drugie-zhivotnye HTTP/1.0" 404 769404 "-" "Mozilla/5.0 (Macintosh; Intel Mac OS X 10_15_7) AppleWebKit/605.1.15 (KHTML, like Gecko) Version/17.4 Safari/605.1.15 (Applebot/0.1; +http://www.apple.com/go/applebot)"
31.31.196.101 - - [09/Dec/2025:01:38:07 +0300] "GET /cron/execution/24a6ce34928e452b412ab11d00015ba4 HTTP/1.0" 404 769404 "-" "Wget/1.19.5 (linux-gnu)"
31.31.196.101 - - [09/Dec/2025:01:39:01 +0300] "GET /cron/execution/24a6ce34928e452b412ab11d00015ba4 HTTP/1.0" 404 769404 "-" "Wget/1.19.5 (linux-gnu)"
31.31.196.101 - - [09/Dec/2025:01:40:02 +0300] "GET /cron/execution/24a6ce34928e452b412ab11d00015ba4 HTTP/1.0" 404 769404 "-" "Wget/1.19.5 (linux-gnu)"
17.246.15.171 - - [09/Dec/2025:01:40:42 +0300] "GET /zhivotnye/drugie-zhivotnye HTTP/1.0" 404 769404 "http://tovarum.com/zhivotnye/drugie-zhivotnye" "Mozilla/5.0 (Macintosh; Intel Mac OS X 10_15_7) AppleWebKit/605.1.15 (KHTML, like Gecko) Version/17.4 Safari/605.1.15 (Applebot/0.1; +http://www.apple.com/go/applebot)"
31.31.196.101 - - [09/Dec/2025:01:41:02 +0300] "GET /cron/execution/24a6ce34928e452b412ab11d00015ba4 HTTP/1.0" 404 769404 "-" "Wget/1.19.5 (linux-gnu)"
31.31.196.101 - - [09/Dec/2025:01:42:01 +0300] "GET /cron/execution/24a6ce34928e452b412ab11d00015ba4 HTTP/1.0" 404 769404 "-" "Wget/1.19.5 (linux-gnu)"
31.31.196.101 - - [09/Dec/2025:01:43:02 +0300] "GET /cron/execution/24a6ce34928e452b412ab11d00015ba4 HTTP/1.0" 404 769404 "-" "Wget/1.19.5 (linux-gnu)"
31.31.196.101 - - [09/Dec/2025:01:44:02 +0300] "GET /cron/execution/24a6ce34928e452b412ab11d00015ba4 HTTP/1.0" 404 769404 "-" "Wget/1.19.5 (linux-gnu)"
31.31.196.101 - - [09/Dec/2025:01:45:02 +0300] "GET /cron/execution/24a6ce34928e452b412ab11d00015ba4 HTTP/1.0" 404 769404 "-" "Wget/1.19.5 (linux-gnu)"
31.31.196.101 - - [09/Dec/2025:01:46:02 +0300] "GET /cron/execution/24a6ce34928e452b412ab11d00015ba4 HTTP/1.0" 404 769404 "-" "Wget/1.19.5 (linux-gnu)"
31.31.196.101 - - [09/Dec/2025:01:47:02 +0300] "GET /cron/execution/24a6ce34928e452b412ab11d00015ba4 HTTP/1.0" 404 769404 "-" "Wget/1.19.5 (linux-gnu)"
31.31.196.101 - - [09/Dec/2025:01:48:02 +0300] "GET /cron/execution/24a6ce34928e452b412ab11d00015ba4 HTTP/1.0" 404 769404 "-" "Wget/1.19.5 (linux-gnu)"
31.31.196.101 - - [09/Dec/2025:01:49:07 +0300] "GET /cron/execution/24a6ce34928e452b412ab11d00015ba4 HTTP/1.0" 404 769404 "-" "Wget/1.19.5 (linux-gnu)"
31.31.196.101 - - [09/Dec/2025:01:50:02 +0300] "GET /cron/execution/24a6ce34928e452b412ab11d00015ba4 HTTP/1.0" 404 769404 "-" "Wget/1.19.5 (linux-gnu)"
31.31.196.101 - - [09/Dec/2025:01:51:01 +0300] "GET /cron/execution/24a6ce34928e452b412ab11d00015ba4 HTTP/1.0" 404 769404 "-" "Wget/1.19.5 (linux-gnu)"
31.31.196.101 - - [09/Dec/2025:01:52:02 +0300] "GET /cron/execution/24a6ce34928e452b412ab11d00015ba4 HTTP/1.0" 404 769404 "-" "Wget/1.19.5 (linux-gnu)"
31.31.196.101 - - [09/Dec/2025:01:53:02 +0300] "GET /cron/execution/24a6ce34928e452b412ab11d00015ba4 HTTP/1.0" 404 769404 "-" "Wget/1.19.5 (linux-gnu)"
31.31.196.101 - - [09/Dec/2025:01:54:02 +0300] "GET /cron/execution/24a6ce34928e452b412ab11d00015ba4 HTTP/1.0" 404 769404 "-" "Wget/1.19.5 (linux-gnu)"
17.241.75.16 - - [09/Dec/2025:01:54:28 +0300] "GET /robots.txt HTTP/1.0" 404 769404 "-" "Mozilla/5.0 (Macintosh; Intel Mac OS X 10_15_7) AppleWebKit/605.1.15 (KHTML, like Gecko) Version/17.4 Safari/605.1.15 (Applebot/0.1; +http://www.apple.com/go/applebot)"
17.241.75.16 - - [09/Dec/2025:01:54:29 +0300] "GET /en/sport-i-otdyh/tennis-badminton-darts HTTP/1.0" 404 769404 "-" "Mozilla/5.0 (Macintosh; Intel Mac OS X 10_15_7) AppleWebKit/605.1.15 (KHTML, like Gecko) Version/17.4 Safari/605.1.15 (Applebot/0.1; +http://www.apple.com/go/applebot)"
31.31.196.101 - - [09/Dec/2025:01:55:02 +0300] "GET /cron/execution/24a6ce34928e452b412ab11d00015ba4 HTTP/1.0" 404 769404 "-" "Wget/1.19.5 (linux-gnu)"
31.31.196.101 - - [09/Dec/2025:01:56:02 +0300] "GET /cron/execution/24a6ce34928e452b412ab11d00015ba4 HTTP/1.0" 404 769404 "-" "Wget/1.19.5 (linux-gnu)"
17.241.227.52 - - [09/Dec/2025:01:56:59 +0300] "GET /en/sport-i-otdyh/tennis-badminton-darts HTTP/1.0" 404 769404 "http://www.tovarum.com/en/sport-i-otdyh/tennis-badminton-darts" "Mozilla/5.0 (Macintosh; Intel Mac OS X 10_15_7) AppleWebKit/605.1.15 (KHTML, like Gecko) Version/17.4 Safari/605.1.15 (Applebot/0.1; +http://www.apple.com/go/applebot)"
31.31.196.101 - - [09/Dec/2025:01:57:02 +0300] "GET /cron/execution/24a6ce34928e452b412ab11d00015ba4 HTTP/1.0" 404 769404 "-" "Wget/1.19.5 (linux-gnu)"
31.31.196.101 - - [09/Dec/2025:01:58:02 +0300] "GET /cron/execution/24a6ce34928e452b412ab11d00015ba4 HTTP/1.0" 404 769404 "-" "Wget/1.19.5 (linux-gnu)"
31.31.196.101 - - [09/Dec/2025:01:59:02 +0300] "GET /cron/execution/24a6ce34928e452b412ab11d00015ba4 HTTP/1.0" 404 769404 "-" "Wget/1.19.5 (linux-gnu)"
31.31.196.101 - - [09/Dec/2025:02:00:02 +0300] "GET /cron/execution/24a6ce34928e452b412ab11d00015ba4 HTTP/1.0" 404 769404 "-" "Wget/1.19.5 (linux-gnu)"
31.31.196.101 - - [09/Dec/2025:02:01:01 +0300] "GET /cron/execution/24a6ce34928e452b412ab11d00015ba4 HTTP/1.0" 404 769404 "-" "Wget/1.19.5 (linux-gnu)"
40.77.167.155 - - [09/Dec/2025:02:01:24 +0300] "GET /g349430.shtml HTTP/1.0" 404 769404 "-" "Mozilla/5.0 AppleWebKit/537.36 (KHTML, like Gecko; compatible; bingbot/2.0; +http://www.bing.com/bingbot.htm) Chrome/116.0.1938.76 Safari/537.36"
31.31.196.101 - - [09/Dec/2025:02:02:02 +0300] "GET /cron/execution/24a6ce34928e452b412ab11d00015ba4 HTTP/1.0" 404 769404 "-" "Wget/1.19.5 (linux-gnu)"
31.31.196.101 - - [09/Dec/2025:02:03:02 +0300] "GET /cron/execution/24a6ce34928e452b412ab11d00015ba4 HTTP/1.0" 404 769404 "-" "Wget/1.19.5 (linux-gnu)"
31.31.196.101 - - [09/Dec/2025:02:04:02 +0300] "GET /cron/execution/24a6ce34928e452b412ab11d00015ba4 HTTP/1.0" 404 769404 "-" "Wget/1.19.5 (linux-gnu)"
31.31.196.101 - - [09/Dec/2025:02:05:02 +0300] "GET /cron/execution/24a6ce34928e452b412ab11d00015ba4 HTTP/1.0" 404 769404 "-" "Wget/1.19.5 (linux-gnu)"
31.31.196.101 - - [09/Dec/2025:02:06:02 +0300] "GET /cron/execution/24a6ce34928e452b412ab11d00015ba4 HTTP/1.0" 404 769404 "-" "Wget/1.19.5 (linux-gnu)"
31.31.196.101 - - [09/Dec/2025:02:07:01 +0300] "GET /cron/execution/24a6ce34928e452b412ab11d00015ba4 HTTP/1.0" 404 769404 "-" "Wget/1.19.5 (linux-gnu)"
31.31.196.101 - - [09/Dec/2025:02:08:01 +0300] "GET /cron/execution/24a6ce34928e452b412ab11d00015ba4 HTTP/1.0" 404 769404 "-" "Wget/1.19.5 (linux-gnu)"
31.31.196.101 - - [09/Dec/2025:02:09:01 +0300] "GET /cron/execution/24a6ce34928e452b412ab11d00015ba4 HTTP/1.0" 404 769404 "-" "Wget/1.19.5 (linux-gnu)"
31.31.196.101 - - [09/Dec/2025:02:10:02 +0300] "GET /cron/execution/24a6ce34928e452b412ab11d00015ba4 HTTP/1.0" 404 769404 "-" "Wget/1.19.5 (linux-gnu)"
31.31.196.101 - - [09/Dec/2025:02:11:02 +0300] "GET /cron/execution/24a6ce34928e452b412ab11d00015ba4 HTTP/1.0" 404 769404 "-" "Wget/1.19.5 (linux-gnu)"
31.31.196.101 - - [09/Dec/2025:02:12:02 +0300] "GET /cron/execution/24a6ce34928e452b412ab11d00015ba4 HTTP/1.0" 404 769404 "-" "Wget/1.19.5 (linux-gnu)"
31.31.196.101 - - [09/Dec/2025:02:13:02 +0300] "GET /cron/execution/24a6ce34928e452b412ab11d00015ba4 HTTP/1.0" 404 769404 "-" "Wget/1.19.5 (linux-gnu)"
31.31.196.101 - - [09/Dec/2025:02:14:01 +0300] "GET /cron/execution/24a6ce34928e452b412ab11d00015ba4 HTTP/1.0" 404 769404 "-" "Wget/1.19.5 (linux-gnu)"
31.31.196.101 - - [09/Dec/2025:02:15:02 +0300] "GET /cron/execution/24a6ce34928e452b412ab11d00015ba4 HTTP/1.0" 404 769404 "-" "Wget/1.19.5 (linux-gnu)"
31.31.196.101 - - [09/Dec/2025:02:16:01 +0300] "GET /cron/execution/24a6ce34928e452b412ab11d00015ba4 HTTP/1.0" 404 769404 "-" "Wget/1.19.5 (linux-gnu)"
31.31.196.101 - - [09/Dec/2025:02:17:02 +0300] "GET /cron/execution/24a6ce34928e452b412ab11d00015ba4 HTTP/1.0" 404 769404 "-" "Wget/1.19.5 (linux-gnu)"
31.31.196.101 - - [09/Dec/2025:02:18:02 +0300] "GET /cron/execution/24a6ce34928e452b412ab11d00015ba4 HTTP/1.0" 404 769404 "-" "Wget/1.19.5 (linux-gnu)"
31.31.196.101 - - [09/Dec/2025:02:19:02 +0300] "GET /cron/execution/24a6ce34928e452b412ab11d00015ba4 HTTP/1.0" 404 769404 "-" "Wget/1.19.5 (linux-gnu)"
31.31.196.101 - - [09/Dec/2025:02:20:02 +0300] "GET /cron/execution/24a6ce34928e452b412ab11d00015ba4 HTTP/1.0" 404 769404 "-" "Wget/1.19.5 (linux-gnu)"
31.31.196.101 - - [09/Dec/2025:02:21:02 +0300] "GET /cron/execution/24a6ce34928e452b412ab11d00015ba4 HTTP/1.0" 404 769404 "-" "Wget/1.19.5 (linux-gnu)"
31.31.196.101 - - [09/Dec/2025:02:22:02 +0300] "GET /cron/execution/24a6ce34928e452b412ab11d00015ba4 HTTP/1.0" 404 769404 "-" "Wget/1.19.5 (linux-gnu)"
31.31.196.101 - - [09/Dec/2025:02:23:02 +0300] "GET /cron/execution/24a6ce34928e452b412ab11d00015ba4 HTTP/1.0" 404 769404 "-" "Wget/1.19.5 (linux-gnu)"
31.31.196.101 - - [09/Dec/2025:02:24:12 +0300] "GET /cron/execution/24a6ce34928e452b412ab11d00015ba4 HTTP/1.0" 404 769404 "-" "Wget/1.19.5 (linux-gnu)"
31.31.196.101 - - [09/Dec/2025:02:25:14 +0300] "GET /cron/execution/24a6ce34928e452b412ab11d00015ba4 HTTP/1.0" 404 769404 "-" "Wget/1.19.5 (linux-gnu)"
4.194.53.139 - - [09/Dec/2025:02:25:35 +0300] "GET /.well-known/acme-challenge/file.php HTTP/1.1" 404 560 "https://www.google.co.uk/" "Mozilla/5.0 (Linux; Android 13; SM-S908E) AppleWebKit/537.36 (KHTML, like Gecko) Chrome/116.0.0.0 Mobile Safari/537.36"
4.194.53.139 - - [09/Dec/2025:02:25:36 +0300] "GET /.well-known/acme-challenge/wp-login.php HTTP/1.1" 404 560 "https://www.bing.com/" "Mozilla/5.0 (Linux; Android 14; Pixel 8 Pro) AppleWebKit/537.36 (KHTML, like Gecko) Chrome/119.0.0.0 Mobile Safari/537.36"
4.194.53.139 - - [09/Dec/2025:02:25:36 +0300] "GET /.well-known/pki-validation/index.php HTTP/1.0" 404 769404 "https://www.google.de/" "Mozilla/5.0 (Linux; Android 14; Pixel 8 Pro) AppleWebKit/537.36 (KHTML, like Gecko) Chrome/119.0.0.0 Mobile Safari/537.36"
4.218.15.245 - - [09/Dec/2025:02:25:42 +0300] "GET /wp-admin.php HTTP/1.0" 404 769404 "https://www.bing.com/" "Mozilla/5.0 (iPhone; CPU iPhone OS 16_6_1 like Mac OS X) AppleWebKit/605.1.15 (KHTML, like Gecko) Version/16.6 Mobile/15E148 Safari/604.1"
4.194.53.139 - - [09/Dec/2025:02:25:42 +0300] "GET /1.php HTTP/1.0" 404 769404 "https://www.bing.com/" "Mozilla/5.0 (Linux; Android 12; V2134) AppleWebKit/537.36 (KHTML, like Gecko) Chrome/116.0.0.0 Mobile Safari/537.36"
4.194.53.139 - - [09/Dec/2025:02:25:44 +0300] "GET /Sanskrit.php HTTP/1.0" 404 769404 "https://www.google.com/" "Mozilla/5.0 (iPad; CPU OS 17_0_3 like Mac OS X) AppleWebKit/605.1.15 (KHTML, like Gecko) Version/17.0.1 Mobile/15E148 Safari/604.1"
4.218.15.245 - - [09/Dec/2025:02:25:44 +0300] "GET /wp-admin/about.php HTTP/1.0" 404 769404 "https://www.google.com/" "Mozilla/5.0 (Linux; Android 12; SM-A525F) AppleWebKit/537.36 (KHTML, like Gecko) Chrome/117.0.0.0 Mobile Safari/537.36"
4.194.53.139 - - [09/Dec/2025:02:25:45 +0300] "GET /aa.php HTTP/1.0" 404 769404 "https://duckduckgo.com/" "Mozilla/5.0 (Linux; Android 12; SM-A525F) AppleWebKit/537.36 (KHTML, like Gecko) Chrome/117.0.0.0 Mobile Safari/537.36"
4.218.15.245 - - [09/Dec/2025:02:25:45 +0300] "GET /wp-admin/admin-wolf.php HTTP/1.0" 404 769404 "https://www.google.com/" "Mozilla/5.0 (Linux; Android 13; M2101K6G) AppleWebKit/537.36 (KHTML, like Gecko) Chrome/116.0.0.0 Mobile Safari/537.36"
4.218.15.245 - - [09/Dec/2025:02:25:46 +0300] "GET /wp-admin/admin.php HTTP/1.0" 404 769404 "https://duckduckgo.com/" "Mozilla/5.g (Linux; Android 13; Pixel 7) AppleWebKit/537.36 (KHTML, like Gecko) Chrome/116.0.0.0 Mobile Safari/537.36"
4.194.53.139 - - [09/Dec/2025:02:25:46 +0300] "GET /about.php HTTP/1.0" 404 769404 "https://duckduckgo.com/" "Mozilla/5.0 (iPhone; CPU iPhone OS 17_0_3 like Mac OS X) AppleWebKit/605.1.15 (KHTML, like Gecko) Version/17.0.1 Mobile/15E148 Safari/604.1"
4.218.15.245 - - [09/Dec/2025:02:25:47 +0300] "GET /wp-admin/classwithtostring.php HTTP/1.0" 404 769404 "https://www.google.com/" "Mozilla/5.0 (Linux; Android 12; SM-A525F) AppleWebKit/537.36 (KHTML, like Gecko) Chrome/117.0.0.0 Mobile Safari/537.36"
4.194.53.139 - - [09/Dec/2025:02:25:47 +0300] "GET /admin.php HTTP/1.1" 200 135 "https://www.google.co.uk/" "Mozilla/5.0 (iPhone; CPU iPhone OS 16_6_1 like Mac OS X) AppleWebKit/605.1.15 (KHTML, like Gecko) Version/16.6 Mobile/15E148 Safari/604.1"
4.194.53.139 - - [09/Dec/2025:02:25:48 +0300] "GET /ahax.php HTTP/1.0" 404 769404 "https://www.google.com/" "Mozilla/5.0 (Linux; Android 13; M2101K6G) AppleWebKit/537.36 (KHTML, like Gecko) Chrome/116.0.0.0 Mobile Safari/537.36"
4.194.53.139 - - [09/Dec/2025:02:25:48 +0300] "GET /assets/as.php HTTP/1.0" 404 769404 "https://www.google.fr/" "Mozilla/5.0 (Linux; Android 14; Pixel 8 Pro) AppleWebKit/537.36 (KHTML, like Gecko) Chrome/119.0.0.0 Mobile Safari/537.36"
4.218.15.245 - - [09/Dec/2025:02:25:49 +0300] "GET /wp-admin/css/about.php HTTP/1.0" 404 769404 "https://duckduckgo.com/" "Mozilla/5.0 (iPhone; CPU iPhone OS 15_7_9 like Mac OS X) AppleWebKit/605.1.15 (KHTML, like Gecko) Version/15.6.5 Mobile/15E148 Safari/604.1"
4.194.53.139 - - [09/Dec/2025:02:25:49 +0300] "GET /autoload_classmap/function.php HTTP/1.0" 404 769404 "https://www.google.fr/" "Mozilla/5.g (Linux; Android 13; Pixel 7) AppleWebKit/537.36 (KHTML, like Gecko) Chrome/116.0.0.0 Mobile Safari/537.36"
4.218.15.245 - - [09/Dec/2025:02:25:51 +0300] "GET /wp-admin/css/colors/blue/ HTTP/1.0" 404 769404 "https://www.google.com/" "Mozilla/5.0 (Linux; Android 13; SM-G991U) AppleWebKit/537.36 (KHTML, like Gecko) Chrome/117.0.0.0 Mobile Safari/537.36"
4.194.53.139 - - [09/Dec/2025:02:25:51 +0300] "GET /av.php HTTP/1.0" 404 769404 "https://duckduckgo.com/" "Mozilla/5.0 (Linux; Android 11; 21081111RG) AppleWebKit/537.36 (KHTML, like Gecko) Chrome/116.0.0.0 Mobile Safari/537.36"
4.218.15.245 - - [09/Dec/2025:02:25:52 +0300] "GET /wp-admin/css/index.php HTTP/1.0" 404 769404 "https://www.google.com/" "Mozilla/5.0 (iPhone; CPU iPhone OS 16_0 like Mac OS X) AppleWebKit/605.1.15 (KHTML, like Gecko) FxiOS/118.0 Mobile/15E148 Safari/605.1.15"
4.194.53.139 - - [09/Dec/2025:02:25:53 +0300] "GET /bless.php HTTP/1.0" 404 769404 "https://www.yahoo.com/" "Mozilla/5.0 (iPhone; CPU iPhone OS 17_1 like Mac OS X) AppleWebKit/605.1.15 (KHTML, like Gecko) CriOS/119.0.6045.109 Mobile/15E148 Safari/604.1"
4.218.15.245 - - [09/Dec/2025:02:25:53 +0300] "GET /wp-admin/images/about.php HTTP/1.0" 403 769509 "https://www.yahoo.com/" "Mozilla/5.0 (iPhone; CPU iPhone OS 16_0 like Mac OS X) AppleWebKit/605.1.15 (KHTML, like Gecko) FxiOS/118.0 Mobile/15E148 Safari/605.1.15"
4.194.53.139 - - [09/Dec/2025:02:25:54 +0300] "GET /buy.php HTTP/1.0" 404 769404 "https://duckduckgo.com/" "Mozilla/5.0 (iPhone; CPU iPhone OS 16_6_1 like Mac OS X) AppleWebKit/605.1.15 (KHTML, like Gecko) Version/16.6 Mobile/15E148 Safari/604.1"
4.194.53.139 - - [09/Dec/2025:02:25:55 +0300] "GET /cc.php HTTP/1.0" 404 769404 "https://www.google.com/" "Mozilla/5.0 (Linux; Android 12; SM-A525F) AppleWebKit/537.36 (KHTML, like Gecko) Chrome/117.0.0.0 Mobile Safari/537.36"
4.218.15.245 - - [09/Dec/2025:02:25:55 +0300] "GET /wp-admin/images/admin.php HTTP/1.0" 403 769509 "https://duckduckgo.com/" "Mozilla/5.g (Linux; Android 13; Pixel 7) AppleWebKit/537.36 (KHTML, like Gecko) Chrome/116.0.0.0 Mobile Safari/537.36"
4.194.53.139 - - [09/Dec/2025:02:25:56 +0300] "GET /chosen.php HTTP/1.0" 404 769404 "https://www.yahoo.com/" "Mozilla/5.0 (Linux; Android 11; 21081111RG) AppleWebKit/537.36 (KHTML, like Gecko) Chrome/116.0.0.0 Mobile Safari/537.36"
4.218.15.245 - - [09/Dec/2025:02:25:57 +0300] "GET /wp-admin/images/index.php HTTP/1.0" 403 769509 "https://www.google.de/" "Mozilla/5.0 (Linux; Android 13; M2101K6G) AppleWebKit/537.36 (KHTML, like Gecko) Chrome/116.0.0.0 Mobile Safari/537.36"
4.194.53.139 - - [09/Dec/2025:02:25:57 +0300] "GET /css/index.php HTTP/1.0" 404 769404 "https://www.google.fr/" "Mozilla/5.0 (Linux; Android 12; V2134) AppleWebKit/537.36 (KHTML, like Gecko) Chrome/116.0.0.0 Mobile Safari/537.36"
4.194.53.139 - - [09/Dec/2025:02:25:58 +0300] "GET /css/install.php HTTP/1.0" 404 769404 "https://www.yahoo.com/" "Mozilla/5.0 (Linux; Android 10; K) AppleWebKit/537.36 (KHTML, like Gecko) Chrome/117.0.0.0 Mobile Safari/537.36"
4.218.15.245 - - [09/Dec/2025:02:25:58 +0300] "GET /wp-admin/includes/index.php HTTP/1.0" 404 769404 "https://www.yahoo.com/" "Mozilla/5.0 (iPhone; CPU iPhone OS 15_7_9 like Mac OS X) AppleWebKit/605.1.15 (KHTML, like Gecko) Version/15.6.5 Mobile/15E148 Safari/604.1"
4.194.53.139 - - [09/Dec/2025:02:25:59 +0300] "GET /elp.php HTTP/1.0" 404 769404 "https://www.google.co.uk/" "Mozilla/5.0 (Linux; Android 11; 21081111RG) AppleWebKit/537.36 (KHTML, like Gecko) Chrome/116.0.0.0 Mobile Safari/537.36"
4.194.53.139 - - [09/Dec/2025:02:26:00 +0300] "GET /file5.php HTTP/1.0" 404 769404 "https://www.bing.com/" "Mozilla/5.0 (iPhone; CPU iPhone OS 17_1_1 like Mac OS X) AppleWebKit/605.1.15 (KHTML, like Gecko) Version/17.1 Mobile/15E148 Safari/604.1"
4.218.15.245 - - [09/Dec/2025:02:26:00 +0300] "GET /wp-admin/includes/wp-conflg.php HTTP/1.0" 404 769404 "https://www.google.de/" "Mozilla/5.0 (Linux; Android 10; LM-Q720) AppleWebKit/537.36 (KHTML, like Gecko) Chrome/116.0.0.0 Mobile Safari/537.36"
4.194.53.139 - - [09/Dec/2025:02:26:00 +0300] "GET /function/function.php HTTP/1.0" 404 769404 "https://www.google.de/" "Mozilla/5.0 (Linux; Android 11; CPH2251) AppleWebKit/537.36 (KHTML, like Gecko) Chrome/116.0.0.0 Mobile Safari/537.36"
4.218.15.245 - - [09/Dec/2025:02:26:01 +0300] "GET /wp-admin/js/about.php7 HTTP/1.0" 403 769509 "https://www.google.com/" "Mozilla/5.0 (Linux; Android 13; M2101K6G) AppleWebKit/537.36 (KHTML, like Gecko) Chrome/116.0.0.0 Mobile Safari/537.36"
31.31.196.101 - - [09/Dec/2025:02:26:01 +0300] "GET /cron/execution/24a6ce34928e452b412ab11d00015ba4 HTTP/1.0" 404 769404 "-" "Wget/1.19.5 (linux-gnu)"
4.194.53.139 - - [09/Dec/2025:02:26:02 +0300] "GET /goods.php HTTP/1.0" 404 769404 "https://www.yahoo.com/" "Mozilla/5.0 (Linux; Android 13; SM-G991U) AppleWebKit/537.36 (KHTML, like Gecko) Chrome/117.0.0.0 Mobile Safari/537.36"
4.218.15.245 - - [09/Dec/2025:02:26:02 +0300] "GET /wp-admin/js/admin.php HTTP/1.0" 403 769509 "https://www.google.fr/" "Mozilla/5.0 (iPhone; CPU iPhone OS 16_6_1 like Mac OS X) AppleWebKit/605.1.15 (KHTML, like Gecko) Version/16.6 Mobile/15E148 Safari/604.1"
4.194.53.139 - - [09/Dec/2025:02:26:02 +0300] "GET /images/admin.php HTTP/1.0" 403 769509 "https://duckduckgo.com/" "Mozilla/5.0 (Linux; Android 12; V2134) AppleWebKit/537.36 (KHTML, like Gecko) Chrome/116.0.0.0 Mobile Safari/537.36"
4.218.15.245 - - [09/Dec/2025:02:26:03 +0300] "GET /wp-admin/js/managert.php HTTP/1.0" 403 769509 "https://www.google.co.uk/" "Mozilla/5.0 (Linux; Android 13; M2101K6G) AppleWebKit/537.36 (KHTML, like Gecko) Chrome/116.0.0.0 Mobile Safari/537.36"
4.194.53.139 - - [09/Dec/2025:02:26:03 +0300] "GET /index/function.php HTTP/1.0" 404 769404 "https://www.google.co.uk/" "Mozilla/5.0 (Linux; Android 12; SM-A525F) AppleWebKit/537.36 (KHTML, like Gecko) Chrome/117.0.0.0 Mobile Safari/537.36"
4.194.53.139 - - [09/Dec/2025:02:26:04 +0300] "GET /inputs.php HTTP/1.0" 404 769404 "https://www.bing.com/" "Mozilla/5.0 (iPhone; CPU iPhone OS 17_1_1 like Mac OS X) AppleWebKit/605.1.15 (KHTML, like Gecko) Version/17.1 Mobile/15E148 Safari/604.1"
4.218.15.245 - - [09/Dec/2025:02:26:04 +0300] "GET /wp-admin/maint/index.php HTTP/1.0" 404 769404 "https://duckduckgo.com/" "Mozilla/5.0 (Linux; Android 13; SM-G991U) AppleWebKit/537.36 (KHTML, like Gecko) Chrome/117.0.0.0 Mobile Safari/537.36"
4.194.53.139 - - [09/Dec/2025:02:26:05 +0300] "GET /install.php HTTP/1.0" 404 769404 "https://www.yahoo.com/" "Mozilla/5.0 (Linux; Android 11; 21081111RG) AppleWebKit/537.36 (KHTML, like Gecko) Chrome/116.0.0.0 Mobile Safari/537.36"
4.194.53.139 - - [09/Dec/2025:02:26:05 +0300] "GET /mah/function.php HTTP/1.0" 404 769404 "https://www.google.de/" "Mozilla/5.0 (iPhone; CPU iPhone OS 17_1_1 like Mac OS X) AppleWebKit/605.1.15 (KHTML, like Gecko) Version/17.1 Mobile/15E148 Safari/604.1"
4.218.15.245 - - [09/Dec/2025:02:26:06 +0300] "GET /wp-admin/maint/nxc.php HTTP/1.0" 404 769404 "https://www.google.de/" "Mozilla/5.0 (Linux; Android 13; SM-G991U) AppleWebKit/537.36 (KHTML, like Gecko) Chrome/117.0.0.0 Mobile Safari/537.36"
4.194.53.139 - - [09/Dec/2025:02:26:06 +0300] "GET /manager.php HTTP/1.0" 404 769404 "https://www.google.co.uk/" "Mozilla/5.0 (Linux; Android 12; 2201116SG) AppleWebKit/537.36 (KHTML, like Gecko) Chrome/116.0.0.0 Mobile Safari/537.36"
4.218.15.245 - - [09/Dec/2025:02:26:06 +0300] "GET /wp-admin/maint/wp-damin.php HTTP/1.0" 404 769404 "https://duckduckgo.com/" "Mozilla/5.0 (Linux; Android 14; Pixel 8 Pro) AppleWebKit/537.36 (KHTML, like Gecko) Chrome/119.0.0.0 Mobile Safari/537.36"
4.194.53.139 - - [09/Dec/2025:02:26:08 +0300] "GET /mini.php HTTP/1.0" 404 769404 "https://www.google.fr/" "Mozilla/5.0 (Linux; Android 12; SM-A525F) AppleWebKit/537.36 (KHTML, like Gecko) Chrome/117.0.0.0 Mobile Safari/537.36"
4.218.15.245 - - [09/Dec/2025:02:26:08 +0300] "GET /wp-admin/network/ HTTP/1.0" 404 769404 "https://duckduckgo.com/" "Mozilla/5.0 (Linux; Android 13; SM-G991U) AppleWebKit/537.36 (KHTML, like Gecko) Chrome/117.0.0.0 Mobile Safari/537.36"
4.194.53.139 - - [09/Dec/2025:02:26:08 +0300] "GET /network.php HTTP/1.0" 404 769404 "https://www.google.fr/" "Mozilla/5.0 (Linux; Android 14; Pixel 8 Pro) AppleWebKit/537.36 (KHTML, like Gecko) Chrome/119.0.0.0 Mobile Safari/537.36"
4.194.53.139 - - [09/Dec/2025:02:26:09 +0300] "GET /options-reading.php HTTP/1.0" 404 769404 "https://www.google.de/" "Mozilla/5.0 (Linux; Android 11; 21081111RG) AppleWebKit/537.36 (KHTML, like Gecko) Chrome/116.0.0.0 Mobile Safari/537.36"
4.218.15.245 - - [09/Dec/2025:02:26:09 +0300] "GET /wp-admin/network/index.php HTTP/1.0" 404 769404 "https://duckduckgo.com/" "Mozilla/5.0 (Linux; Android 13; M2101K6G) AppleWebKit/537.36 (KHTML, like Gecko) Chrome/116.0.0.0 Mobile Safari/537.36"
4.194.53.139 - - [09/Dec/2025:02:26:10 +0300] "GET /simple.php HTTP/1.0" 404 769404 "https://www.google.com/" "Mozilla/5.0 (Linux; Android 10; LM-Q720) AppleWebKit/537.36 (KHTML, like Gecko) Chrome/116.0.0.0 Mobile Safari/537.36"
4.218.15.245 - - [09/Dec/2025:02:26:10 +0300] "GET /wp-admin/network/nxc.php HTTP/1.0" 404 769404 "https://duckduckgo.com/" "Mozilla/5.0 (Linux; Android 11; 21081111RG) AppleWebKit/537.36 (KHTML, like Gecko) Chrome/116.0.0.0 Mobile Safari/537.36"
4.194.53.139 - - [09/Dec/2025:02:26:11 +0300] "GET /vendor/phpunit/phpunit/src/Util/PHP/as.php HTTP/1.0" 404 769404 "https://www.yahoo.com/" "Mozilla/5.0 (Linux; Android 10; K) AppleWebKit/537.36 (KHTML, like Gecko) Chrome/117.0.0.0 Mobile Safari/537.36"
4.218.15.245 - - [09/Dec/2025:02:26:11 +0300] "GET /wp-admin/nxc.php HTTP/1.0" 404 769404 "https://www.google.de/" "Mozilla/5.0 (iPad; CPU OS 17_0_3 like Mac OS X) AppleWebKit/605.1.15 (KHTML, like Gecko) Version/17.0.1 Mobile/15E148 Safari/604.1"
4.194.53.139 - - [09/Dec/2025:02:26:12 +0300] "GET /wp-admin/css/colors/ocean/about.php HTTP/1.0" 404 769404 "https://duckduckgo.com/" "Mozilla/5.0 (Linux; Android 10; K) AppleWebKit/537.36 (KHTML, like Gecko) Chrome/117.0.0.0 Mobile Safari/537.36"
4.218.15.245 - - [09/Dec/2025:02:26:13 +0300] "GET /wp-admin/user/about.php HTTP/1.0" 404 769404 "https://www.google.de/" "Mozilla/5.0 (Linux; Android 10; LM-Q720) AppleWebKit/537.36 (KHTML, like Gecko) Chrome/116.0.0.0 Mobile Safari/537.36"
4.194.53.139 - - [09/Dec/2025:02:26:13 +0300] "GET /wp-admin/images/index.php HTTP/1.0" 403 769509 "https://www.google.co.uk/" "Mozilla/5.0 (Linux; Android 10; K) AppleWebKit/537.36 (KHTML, like Gecko) Chrome/117.0.0.0 Mobile Safari/537.36"
4.218.15.245 - - [09/Dec/2025:02:26:14 +0300] "GET /wp-admin/user/index.php HTTP/1.0" 404 769404 "https://www.yahoo.com/" "Mozilla/5.0 (iPhone; CPU iPhone OS 17_0_3 like Mac OS X) AppleWebKit/605.1.15 (KHTML, like Gecko) Version/17.0.1 Mobile/15E148 Safari/604.1"
4.194.53.139 - - [09/Dec/2025:02:26:14 +0300] "GET /wp-admin/includes/index.php HTTP/1.0" 404 769404 "https://www.yahoo.com/" "Mozilla/5.0 (Linux; Android 10; LM-Q720) AppleWebKit/537.36 (KHTML, like Gecko) Chrome/116.0.0.0 Mobile Safari/537.36"
4.194.53.139 - - [09/Dec/2025:02:26:15 +0300] "GET /wp-admin/network/admin.php HTTP/1.0" 404 769404 "https://duckduckgo.com/" "Mozilla/5.0 (Linux; Android 12; SM-A525F) AppleWebKit/537.36 (KHTML, like Gecko) Chrome/117.0.0.0 Mobile Safari/537.36"
4.218.15.245 - - [09/Dec/2025:02:26:15 +0300] "GET /wp-admin/wp-login.php HTTP/1.0" 404 769404 "https://www.yahoo.com/" "Mozilla/5.0 (Linux; Android 11; CPH2251) AppleWebKit/537.36 (KHTML, like Gecko) Chrome/116.0.0.0 Mobile Safari/537.36"
4.194.53.139 - - [09/Dec/2025:02:26:16 +0300] "GET /wp-admin/network/index.php HTTP/1.0" 404 769404 "https://www.google.co.uk/" "Mozilla/5.0 (iPad; CPU OS 17_0_3 like Mac OS X) AppleWebKit/605.1.15 (KHTML, like Gecko) Version/17.0.1 Mobile/15E148 Safari/604.1"
4.218.15.245 - - [09/Dec/2025:02:26:17 +0300] "GET /wp-admin/wp.php HTTP/1.0" 404 769404 "https://www.google.de/" "Mozilla/5.0 (iPhone; CPU iPhone OS 16_6_1 like Mac OS X) AppleWebKit/605.1.15 (KHTML, like Gecko) Version/16.6 Mobile/15E148 Safari/604.1"
4.194.53.139 - - [09/Dec/2025:02:26:17 +0300] "GET /wp-blog.php HTTP/1.0" 404 769404 "https://www.google.fr/" "Mozilla/5.0 (iPhone; CPU iPhone OS 15_7_9 like Mac OS X) AppleWebKit/605.1.15 (KHTML, like Gecko) Version/15.6.5 Mobile/15E148 Safari/604.1"
4.194.53.139 - - [09/Dec/2025:02:26:17 +0300] "GET /wp-content/classwithtostring.php HTTP/1.0" 404 769404 "https://duckduckgo.com/" "Mozilla/5.0 (Linux; Android 13; SM-G991U) AppleWebKit/537.36 (KHTML, like Gecko) Chrome/117.0.0.0 Mobile Safari/537.36"
4.218.15.245 - - [09/Dec/2025:02:26:18 +0300] "GET /wp-blog-header.php HTTP/1.0" 404 769404 "https://www.google.fr/" "Mozilla/5.0 (iPhone; CPU iPhone OS 17_1_1 like Mac OS X) AppleWebKit/605.1.15 (KHTML, like Gecko) Version/17.1 Mobile/15E148 Safari/604.1"
4.194.53.139 - - [09/Dec/2025:02:26:18 +0300] "GET /wp-content/edit.php HTTP/1.0" 404 769404 "https://www.google.fr/" "Mozilla/5.0 (Linux; Android 10; K) AppleWebKit/537.36 (KHTML, like Gecko) Chrome/117.0.0.0 Mobile Safari/537.36"
4.194.53.139 - - [09/Dec/2025:02:26:19 +0300] "GET /wp-content/index.php HTTP/1.0" 404 769404 "https://www.bing.com/" "Mozilla/5.g (Linux; Android 13; Pixel 7) AppleWebKit/537.36 (KHTML, like Gecko) Chrome/116.0.0.0 Mobile Safari/537.36"
4.218.15.245 - - [09/Dec/2025:02:26:20 +0300] "GET /wp-conflg/function.php HTTP/1.0" 404 769404 "https://www.bing.com/" "Mozilla/5.g (Linux; Android 13; Pixel 7) AppleWebKit/537.36 (KHTML, like Gecko) Chrome/116.0.0.0 Mobile Safari/537.36"
4.194.53.139 - - [09/Dec/2025:02:26:21 +0300] "GET /wp-content/languages/index.php HTTP/1.0" 404 769404 "https://www.google.de/" "Mozilla/5.0 (iPhone; CPU iPhone OS 15_7_9 like Mac OS X) AppleWebKit/605.1.15 (KHTML, like Gecko) Version/15.6.5 Mobile/15E148 Safari/604.1"
4.218.15.245 - - [09/Dec/2025:02:26:22 +0300] "GET /wp-content.php HTTP/1.0" 404 769404 "https://www.google.com/" "Mozilla/5.0 (Linux; Android 13; SM-G991U) AppleWebKit/537.36 (KHTML, like Gecko) Chrome/117.0.0.0 Mobile Safari/537.36"
4.194.53.139 - - [09/Dec/2025:02:26:22 +0300] "GET /wp-content/plugins/admin.php HTTP/1.0" 404 769404 "https://www.google.de/" "Mozilla/5.0 (Linux; Android 13; SM-G991U) AppleWebKit/537.36 (KHTML, like Gecko) Chrome/117.0.0.0 Mobile Safari/537.36"
4.194.53.139 - - [09/Dec/2025:02:26:23 +0300] "GET /wp-content/themes/pridmag/install.php?u HTTP/1.0" 404 769404 "https://www.google.de/" "Mozilla/5.0 (iPhone; CPU iPhone OS 17_0_3 like Mac OS X) AppleWebKit/605.1.15 (KHTML, like Gecko) Version/17.0.1 Mobile/15E148 Safari/604.1"
4.194.53.139 - - [09/Dec/2025:02:26:25 +0300] "GET /wp-content/themes/tflow/as.php HTTP/1.0" 404 769404 "https://duckduckgo.com/" "Mozilla/5.g (Linux; Android 13; Pixel 7) AppleWebKit/537.36 (KHTML, like Gecko) Chrome/116.0.0.0 Mobile Safari/537.36"
4.218.15.245 - - [09/Dec/2025:02:26:26 +0300] "GET /wp-content/ HTTP/1.0" 404 769404 "https://www.google.de/" "Mozilla/5.0 (Linux; Android 11; CPH2251) AppleWebKit/537.36 (KHTML, like Gecko) Chrome/116.0.0.0 Mobile Safari/537.36"
4.194.53.139 - - [09/Dec/2025:02:26:27 +0300] "GET /wp-content/themes/twentytwentyfour/system_cache.php HTTP/1.0" 404 769404 "https://www.google.co.uk/" "Mozilla/5.0 (Linux; Android 12; V2134) AppleWebKit/537.36 (KHTML, like Gecko) Chrome/116.0.0.0 Mobile Safari/537.36"
4.194.53.139 - - [09/Dec/2025:02:26:28 +0300] "GET /wp-content/themes/twentytwentythree/patterns/index.php HTTP/1.0" 404 769404 "https://www.google.co.uk/" "Mozilla/5.0 (iPad; CPU OS 17_0_3 like Mac OS X) AppleWebKit/605.1.15 (KHTML, like Gecko) Version/17.0.1 Mobile/15E148 Safari/604.1"
4.218.15.245 - - [09/Dec/2025:02:26:28 +0300] "GET /wp-content/admin-header.php HTTP/1.0" 404 769404 "https://www.yahoo.com/" "Mozilla/5.g (Linux; Android 13; Pixel 7) AppleWebKit/537.36 (KHTML, like Gecko) Chrome/116.0.0.0 Mobile Safari/537.36"
4.194.53.139 - - [09/Dec/2025:02:26:29 +0300] "GET /wp-editor.php HTTP/1.0" 404 769404 "https://www.bing.com/" "Mozilla/5.0 (Linux; Android 11; 21081111RG) AppleWebKit/537.36 (KHTML, like Gecko) Chrome/116.0.0.0 Mobile Safari/537.36"
4.218.15.245 - - [09/Dec/2025:02:26:29 +0300] "GET /wp-content/admin.php HTTP/1.0" 404 769404 "https://www.google.co.uk/" "Mozilla/5.0 (Linux; Android 13; M2101K6G) AppleWebKit/537.36 (KHTML, like Gecko) Chrome/116.0.0.0 Mobile Safari/537.36"
4.194.53.139 - - [09/Dec/2025:02:26:30 +0300] "GET /wp-good.php HTTP/1.0" 404 769404 "https://www.google.com/" "Mozilla/5.0 (Linux; Android 13; SM-G991U) AppleWebKit/537.36 (KHTML, like Gecko) Chrome/117.0.0.0 Mobile Safari/537.36"
4.218.15.245 - - [09/Dec/2025:02:26:30 +0300] "GET /wp-content/autoload_classmap/function.php HTTP/1.0" 404 769404 "https://duckduckgo.com/" "Mozilla/5.0 (iPad; CPU OS 17_0_3 like Mac OS X) AppleWebKit/605.1.15 (KHTML, like Gecko) Version/17.0.1 Mobile/15E148 Safari/604.1"
4.194.53.139 - - [09/Dec/2025:02:26:31 +0300] "GET /wp-includes/ID3/about.php HTTP/1.0" 404 769404 "https://www.yahoo.com/" "Mozilla/5.0 (iPhone; CPU iPhone OS 17_1 like Mac OS X) AppleWebKit/605.1.15 (KHTML, like Gecko) CriOS/119.0.6045.109 Mobile/15E148 Safari/604.1"
4.194.53.139 - - [09/Dec/2025:02:26:32 +0300] "GET /wp-includes/ID3/about.php/wp-content/x/index.php HTTP/1.0" 404 769404 "https://www.google.fr/" "Mozilla/5.g (Linux; Android 13; Pixel 7) AppleWebKit/537.36 (KHTML, like Gecko) Chrome/116.0.0.0 Mobile Safari/537.36"
4.194.53.139 - - [09/Dec/2025:02:26:33 +0300] "GET /wp-includes/ID3/simi.php HTTP/1.0" 404 769404 "https://www.google.fr/" "Mozilla/5.0 (iPad; CPU OS 17_0_3 like Mac OS X) AppleWebKit/605.1.15 (KHTML, like Gecko) Version/17.0.1 Mobile/15E148 Safari/604.1"
4.218.15.245 - - [09/Dec/2025:02:26:33 +0300] "GET /wp-content/banners/about.php HTTP/1.0" 404 769404 "https://www.google.de/" "Mozilla/5.0 (Linux; Android 11; 21081111RG) AppleWebKit/537.36 (KHTML, like Gecko) Chrome/116.0.0.0 Mobile Safari/537.36"
4.194.53.139 - - [09/Dec/2025:02:26:33 +0300] "GET /wp-includes/PHPMailer/index.php HTTP/1.0" 404 769404 "https://www.bing.com/" "Mozilla/5.0 (Linux; Android 13; M2101K6G) AppleWebKit/537.36 (KHTML, like Gecko) Chrome/116.0.0.0 Mobile Safari/537.36"
4.194.53.139 - - [09/Dec/2025:02:26:34 +0300] "GET /wp-includes/Requests/about.php HTTP/1.0" 404 769404 "https://www.google.de/" "Mozilla/5.0 (Linux; Android 10; K) AppleWebKit/537.36 (KHTML, like Gecko) Chrome/117.0.0.0 Mobile Safari/537.36"
4.218.15.245 - - [09/Dec/2025:02:26:35 +0300] "GET /wp-content/chosen.php HTTP/1.0" 404 769404 "https://www.google.com/" "Mozilla/5.0 (iPhone; CPU iPhone OS 17_1_1 like Mac OS X) AppleWebKit/605.1.15 (KHTML, like Gecko) Version/17.1 Mobile/15E148 Safari/604.1"
4.194.53.139 - - [09/Dec/2025:02:26:35 +0300] "GET /wp-includes/SimplePie/index.php HTTP/1.0" 404 769404 "https://www.google.co.uk/" "Mozilla/5.0 (iPhone; CPU iPhone OS 16_0 like Mac OS X) AppleWebKit/605.1.15 (KHTML, like Gecko) FxiOS/118.0 Mobile/15E148 Safari/605.1.15"
4.194.53.139 - - [09/Dec/2025:02:26:36 +0300] "GET /wp-includes/Text/Diff/Renderer/index.php HTTP/1.0" 404 769404 "https://www.yahoo.com/" "Mozilla/5.0 (iPad; CPU OS 17_0_3 like Mac OS X) AppleWebKit/605.1.15 (KHTML, like Gecko) Version/17.0.1 Mobile/15E148 Safari/604.1"
4.194.53.139 - - [09/Dec/2025:02:26:36 +0300] "GET /wp-includes/Text/Diff/index.php HTTP/1.0" 404 769404 "https://duckduckgo.com/" "Mozilla/5.0 (Linux; Android 12; 2201116SG) AppleWebKit/537.36 (KHTML, like Gecko) Chrome/116.0.0.0 Mobile Safari/537.36"
4.194.53.139 - - [09/Dec/2025:02:26:37 +0300] "GET /wp-includes/Text/index.php HTTP/1.0" 404 769404 "https://www.google.com/" "Mozilla/5.0 (Linux; Android 13; M2101K6G) AppleWebKit/537.36 (KHTML, like Gecko) Chrome/116.0.0.0 Mobile Safari/537.36"
4.194.53.139 - - [09/Dec/2025:02:26:38 +0300] "GET /wp-includes/Text/xwx1.php HTTP/1.0" 404 769404 "https://www.google.com/" "Mozilla/5.0 (iPad; CPU OS 16_7_2 like Mac OS X) AppleWebKit/605.1.15 (KHTML, like Gecko) Version/16.6 Mobile/15E148 Safari/604.1"
4.194.53.139 - - [09/Dec/2025:02:26:39 +0300] "GET /wp-includes/assets/about.php HTTP/1.0" 404 769404 "https://www.bing.com/" "Mozilla/5.g (Linux; Android 13; Pixel 7) AppleWebKit/537.36 (KHTML, like Gecko) Chrome/116.0.0.0 Mobile Safari/537.36"
4.194.53.139 - - [09/Dec/2025:02:26:40 +0300] "GET /wp-includes/assets/index.php HTTP/1.0" 404 769404 "https://www.google.co.uk/" "Mozilla/5.0 (iPhone; CPU iPhone OS 16_6_1 like Mac OS X) AppleWebKit/605.1.15 (KHTML, like Gecko) Version/16.6 Mobile/15E148 Safari/604.1"
4.218.15.245 - - [09/Dec/2025:02:26:41 +0300] "GET /wp-content/index.php HTTP/1.0" 404 769404 "https://www.yahoo.com/" "Mozilla/5.0 (iPad; CPU OS 16_7_2 like Mac OS X) AppleWebKit/605.1.15 (KHTML, like Gecko) Version/16.6 Mobile/15E148 Safari/604.1"
4.194.53.139 - - [09/Dec/2025:02:26:41 +0300] "GET /wp-includes/bk/index.php HTTP/1.0" 404 769404 "https://www.google.de/" "Mozilla/5.0 (iPad; CPU OS 16_7_2 like Mac OS X) AppleWebKit/605.1.15 (KHTML, like Gecko) Version/16.6 Mobile/15E148 Safari/604.1"
4.194.53.139 - - [09/Dec/2025:02:26:42 +0300] "GET /wp-includes/block-bindings/radio.php HTTP/1.0" 404 769404 "https://www.google.fr/" "Mozilla/5.0 (Linux; Android 12; V2134) AppleWebKit/537.36 (KHTML, like Gecko) Chrome/116.0.0.0 Mobile Safari/537.36"
4.194.53.139 - - [09/Dec/2025:02:26:43 +0300] "GET /wp-includes/blocks/calendar/index.php HTTP/1.0" 404 769404 "https://www.google.de/" "Mozilla/5.0 (iPhone; CPU iPhone OS 17_1 like Mac OS X) AppleWebKit/605.1.15 (KHTML, like Gecko) CriOS/119.0.6045.109 Mobile/15E148 Safari/604.1"
4.194.53.139 - - [09/Dec/2025:02:26:45 +0300] "GET /wp-includes/class-wp-locale-switcher-less.php HTTP/1.0" 404 769404 "https://www.yahoo.com/" "Mozilla/5.0 (iPhone; CPU iPhone OS 17_1 like Mac OS X) AppleWebKit/605.1.15 (KHTML, like Gecko) CriOS/119.0.6045.109 Mobile/15E148 Safari/604.1"
4.218.15.245 - - [09/Dec/2025:02:26:45 +0300] "GET /wp-content/languages/ HTTP/1.0" 404 769404 "https://www.google.de/" "Mozilla/5.0 (iPhone; CPU iPhone OS 16_6_1 like Mac OS X) AppleWebKit/605.1.15 (KHTML, like Gecko) Version/16.6 Mobile/15E148 Safari/604.1"
4.194.53.139 - - [09/Dec/2025:02:26:46 +0300] "GET /wp-includes/css/index.php HTTP/1.0" 403 769509 "https://duckduckgo.com/" "Mozilla/5.0 (iPhone; CPU iPhone OS 16_6_1 like Mac OS X) AppleWebKit/605.1.15 (KHTML, like Gecko) Version/16.6 Mobile/15E148 Safari/604.1"
4.194.53.139 - - [09/Dec/2025:02:26:47 +0300] "GET /wp-includes/customize/chosen.php HTTP/1.0" 404 769404 "https://www.yahoo.com/" "Mozilla/5.0 (Linux; Android 13; SM-G991U) AppleWebKit/537.36 (KHTML, like Gecko) Chrome/117.0.0.0 Mobile Safari/537.36"
4.218.15.245 - - [09/Dec/2025:02:26:47 +0300] "GET /wp-content/languages/about.php HTTP/1.0" 404 769404 "https://www.google.de/" "Mozilla/5.0 (iPhone; CPU iPhone OS 16_0 like Mac OS X) AppleWebKit/605.1.15 (KHTML, like Gecko) FxiOS/118.0 Mobile/15E148 Safari/605.1.15"
4.218.15.245 - - [09/Dec/2025:02:26:48 +0300] "GET /wp-content/packed.php HTTP/1.0" 404 769404 "https://www.bing.com/" "Mozilla/5.0 (Linux; Android 13; SM-S908E) AppleWebKit/537.36 (KHTML, like Gecko) Chrome/116.0.0.0 Mobile Safari/537.36"
4.194.53.139 - - [09/Dec/2025:02:26:48 +0300] "GET /wp-includes/customize/class-wp-customize-media-icon-control.php HTTP/1.0" 404 769404 "https://www.google.co.uk/" "Mozilla/5.0 (iPad; CPU OS 16_7_2 like Mac OS X) AppleWebKit/605.1.15 (KHTML, like Gecko) Version/16.6 Mobile/15E148 Safari/604.1"
4.218.15.245 - - [09/Dec/2025:02:26:48 +0300] "GET /wp-content/plugins/ HTTP/1.0" 404 769404 "https://www.bing.com/" "Mozilla/5.0 (iPad; CPU OS 16_7_2 like Mac OS X) AppleWebKit/605.1.15 (KHTML, like Gecko) Version/16.6 Mobile/15E148 Safari/604.1"
4.194.53.139 - - [09/Dec/2025:02:26:49 +0300] "GET /wp-includes/customize/index.php HTTP/1.0" 404 769404 "https://www.google.fr/" "Mozilla/5.0 (Linux; Android 13; SM-S908E) AppleWebKit/537.36 (KHTML, like Gecko) Chrome/116.0.0.0 Mobile Safari/537.36"
4.218.15.245 - - [09/Dec/2025:02:26:49 +0300] "GET /wp-content/plugins/Iitespeed-cache/ HTTP/1.0" 404 769404 "https://www.google.co.uk/" "Mozilla/5.0 (Linux; Android 13; SM-G991U) AppleWebKit/537.36 (KHTML, like Gecko) Chrome/117.0.0.0 Mobile Safari/537.36"
4.194.53.139 - - [09/Dec/2025:02:26:49 +0300] "GET /wp-includes/customize/sx.php HTTP/1.0" 404 769404 "https://www.google.de/" "Mozilla/5.0 (Linux; Android 11; CPH2251) AppleWebKit/537.36 (KHTML, like Gecko) Chrome/116.0.0.0 Mobile Safari/537.36"
4.194.53.139 - - [09/Dec/2025:02:26:50 +0300] "GET /wp-includes/fonts/admin.php HTTP/1.0" 404 769404 "https://www.google.fr/" "Mozilla/5.g (Linux; Android 13; Pixel 7) AppleWebKit/537.36 (KHTML, like Gecko) Chrome/116.0.0.0 Mobile Safari/537.36"
4.194.53.139 - - [09/Dec/2025:02:26:51 +0300] "GET /wp-includes/fonts/index.php HTTP/1.0" 404 769404 "https://www.google.com/" "Mozilla/5.0 (Linux; Android 13; SM-G991U) AppleWebKit/537.36 (KHTML, like Gecko) Chrome/117.0.0.0 Mobile Safari/537.36"
4.194.53.139 - - [09/Dec/2025:02:26:53 +0300] "GET /wp-includes/images/smilies/about.php HTTP/1.0" 403 769509 "https://www.google.com/" "Mozilla/5.0 (Linux; Android 12; 2201116SG) AppleWebKit/537.36 (KHTML, like Gecko) Chrome/116.0.0.0 Mobile Safari/537.36"
4.218.15.245 - - [09/Dec/2025:02:26:53 +0300] "GET /wp-content/plugins/WordPressCore/ HTTP/1.0" 404 769404 "https://www.bing.com/" "Mozilla/5.0 (Linux; Android 12; 2201116SG) AppleWebKit/537.36 (KHTML, like Gecko) Chrome/116.0.0.0 Mobile Safari/537.36"
4.194.53.139 - - [09/Dec/2025:02:26:53 +0300] "GET /wp-includes/images/smilies/admin.php HTTP/1.0" 403 769509 "https://duckduckgo.com/" "Mozilla/5.0 (Linux; Android 11; 21081111RG) AppleWebKit/537.36 (KHTML, like Gecko) Chrome/116.0.0.0 Mobile Safari/537.36"
4.194.53.139 - - [09/Dec/2025:02:26:55 +0300] "GET /wp-includes/index.php HTTP/1.0" 404 769404 "https://duckduckgo.com/" "Mozilla/5.0 (iPhone; CPU iPhone OS 16_0 like Mac OS X) AppleWebKit/605.1.15 (KHTML, like Gecko) FxiOS/118.0 Mobile/15E148 Safari/605.1.15"
4.194.53.139 - - [09/Dec/2025:02:26:56 +0300] "GET /wp-includes/js/index.php HTTP/1.0" 404 769404 "https://www.bing.com/" "Mozilla/5.0 (iPhone; CPU iPhone OS 17_0_3 like Mac OS X) AppleWebKit/605.1.15 (KHTML, like Gecko) Version/17.0.1 Mobile/15E148 Safari/604.1"
4.194.53.139 - - [09/Dec/2025:02:26:57 +0300] "GET /wp-includes/js/jquery/jquery.php HTTP/1.0" 404 769404 "https://www.yahoo.com/" "Mozilla/5.g (Linux; Android 13; Pixel 7) AppleWebKit/537.36 (KHTML, like Gecko) Chrome/116.0.0.0 Mobile Safari/537.36"
4.218.15.245 - - [09/Dec/2025:02:26:58 +0300] "GET /wp-content/plugins/about.php HTTP/1.0" 404 769404 "https://www.bing.com/" "Mozilla/5.0 (iPhone; CPU iPhone OS 17_0_3 like Mac OS X) AppleWebKit/605.1.15 (KHTML, like Gecko) Version/17.0.1 Mobile/15E148 Safari/604.1"
4.194.53.139 - - [09/Dec/2025:02:26:58 +0300] "GET /wp-includes/rest-api/endpoints/index.php HTTP/1.0" 404 769404 "https://www.google.co.uk/" "Mozilla/5.0 (iPhone; CPU iPhone OS 17_1 like Mac OS X) AppleWebKit/605.1.15 (KHTML, like Gecko) CriOS/119.0.6045.109 Mobile/15E148 Safari/604.1"
4.194.53.139 - - [09/Dec/2025:02:26:59 +0300] "GET /wp-includes/sitemaps/wp-conflg.php HTTP/1.0" 404 769404 "https://www.google.com/" "Mozilla/5.0 (iPhone; CPU iPhone OS 17_1 like Mac OS X) AppleWebKit/605.1.15 (KHTML, like Gecko) CriOS/119.0.6045.109 Mobile/15E148 Safari/604.1"
4.218.15.245 - - [09/Dec/2025:02:27:00 +0300] "GET /wp-content/plugins/admin.php HTTP/1.0" 404 769404 "https://www.google.fr/" "Mozilla/5.0 (iPhone; CPU iPhone OS 16_6_1 like Mac OS X) AppleWebKit/605.1.15 (KHTML, like Gecko) Version/16.6 Mobile/15E148 Safari/604.1"
4.194.53.139 - - [09/Dec/2025:02:27:00 +0300] "GET /wp-includes/style-engine/index.php HTTP/1.0" 404 769404 "https://www.google.com/" "Mozilla/5.0 (Linux; Android 13; SM-G991U) AppleWebKit/537.36 (KHTML, like Gecko) Chrome/117.0.0.0 Mobile Safari/537.36"
4.194.53.139 - - [09/Dec/2025:02:27:01 +0300] "GET /wp-includes/wp-db-array.php HTTP/1.0" 404 769404 "https://duckduckgo.com/" "Mozilla/5.0 (Linux; Android 10; LM-Q720) AppleWebKit/537.36 (KHTML, like Gecko) Chrome/116.0.0.0 Mobile Safari/537.36"
31.31.196.101 - - [09/Dec/2025:02:27:02 +0300] "GET /cron/execution/24a6ce34928e452b412ab11d00015ba4 HTTP/1.0" 404 769404 "-" "Wget/1.19.5 (linux-gnu)"
4.218.15.245 - - [09/Dec/2025:02:27:02 +0300] "GET /wp-content/plugins/index.php HTTP/1.0" 404 769404 "https://www.google.com/" "Mozilla/5.0 (iPhone; CPU iPhone OS 16_6_1 like Mac OS X) AppleWebKit/605.1.15 (KHTML, like Gecko) Version/16.6 Mobile/15E148 Safari/604.1"
4.194.53.139 - - [09/Dec/2025:02:27:02 +0300] "GET /wp-themes.php HTTP/1.0" 404 769404 "https://www.bing.com/" "Mozilla/5.0 (iPhone; CPU iPhone OS 17_1_1 like Mac OS X) AppleWebKit/605.1.15 (KHTML, like Gecko) Version/17.1 Mobile/15E148 Safari/604.1"
4.218.15.245 - - [09/Dec/2025:02:27:03 +0300] "GET /wp-content/plugins/mainhosting/default.php HTTP/1.0" 404 769404 "https://www.google.de/" "Mozilla/5.0 (iPhone; CPU iPhone OS 16_0 like Mac OS X) AppleWebKit/605.1.15 (KHTML, like Gecko) FxiOS/118.0 Mobile/15E148 Safari/605.1.15"
4.194.53.139 - - [09/Dec/2025:02:27:03 +0300] "GET /wp-user.php HTTP/1.0" 404 769404 "https://www.google.de/" "Mozilla/5.0 (Linux; Android 12; V2134) AppleWebKit/537.36 (KHTML, like Gecko) Chrome/116.0.0.0 Mobile Safari/537.36"
4.218.15.245 - - [09/Dec/2025:02:27:04 +0300] "GET /wp-content/plugins/pwnd/pwnd.php HTTP/1.0" 404 769404 "https://www.google.fr/" "Mozilla/5.0 (iPhone; CPU iPhone OS 15_7_9 like Mac OS X) AppleWebKit/605.1.15 (KHTML, like Gecko) Version/15.6.5 Mobile/15E148 Safari/604.1"
4.194.53.139 - - [09/Dec/2025:02:27:04 +0300] "GET /wp.php HTTP/1.0" 404 769404 "https://www.google.com/" "Mozilla/5.0 (Linux; Android 13; SM-G991U) AppleWebKit/537.36 (KHTML, like Gecko) Chrome/117.0.0.0 Mobile Safari/537.36"
4.218.15.245 - - [09/Dec/2025:02:27:05 +0300] "GET /wp-content/radio.php HTTP/1.0" 404 769404 "https://www.google.com/" "Mozilla/5.0 (Linux; Android 12; SM-A525F) AppleWebKit/537.36 (KHTML, like Gecko) Chrome/117.0.0.0 Mobile Safari/537.36"
4.194.53.139 - - [09/Dec/2025:02:27:05 +0300] "GET /x.php HTTP/1.0" 404 769404 "https://www.yahoo.com/" "Mozilla/5.g (Linux; Android 13; Pixel 7) AppleWebKit/537.36 (KHTML, like Gecko) Chrome/116.0.0.0 Mobile Safari/537.36"
4.218.15.245 - - [09/Dec/2025:02:27:05 +0300] "GET /wp-content/themes/about.php HTTP/1.0" 404 769404 "https://www.google.de/" "Mozilla/5.0 (iPhone; CPU iPhone OS 17_0_3 like Mac OS X) AppleWebKit/605.1.15 (KHTML, like Gecko) Version/17.0.1 Mobile/15E148 Safari/604.1"
4.194.53.139 - - [09/Dec/2025:02:27:05 +0300] "GET /yas.php HTTP/1.0" 404 769404 "https://www.yahoo.com/" "Mozilla/5.0 (iPad; CPU OS 16_7_2 like Mac OS X) AppleWebKit/605.1.15 (KHTML, like Gecko) Version/16.6 Mobile/15E148 Safari/604.1"
4.218.15.245 - - [09/Dec/2025:02:27:06 +0300] "GET /wp-content/themes/admin.php HTTP/1.0" 404 769404 "https://www.yahoo.com/" "Mozilla/5.0 (Linux; Android 13; M2101K6G) AppleWebKit/537.36 (KHTML, like Gecko) Chrome/116.0.0.0 Mobile Safari/537.36"
4.194.53.139 - - [09/Dec/2025:02:27:06 +0300] "GET /abcd.php HTTP/1.0" 404 769404 "https://www.google.fr/" "Mozilla/5.0 (Linux; Android 12; 2201116SG) AppleWebKit/537.36 (KHTML, like Gecko) Chrome/116.0.0.0 Mobile Safari/537.36"
4.194.53.139 - - [09/Dec/2025:02:27:07 +0300] "GET /akcc.php HTTP/1.0" 404 769404 "https://duckduckgo.com/" "Mozilla/5.0 (Linux; Android 12; SM-A525F) AppleWebKit/537.36 (KHTML, like Gecko) Chrome/117.0.0.0 Mobile Safari/537.36"
4.194.53.139 - - [09/Dec/2025:02:27:08 +0300] "GET /xmrlpc.php HTTP/1.0" 404 769404 "https://www.google.de/" "Mozilla/5.0 (Linux; Android 10; K) AppleWebKit/537.36 (KHTML, like Gecko) Chrome/117.0.0.0 Mobile Safari/537.36"
4.194.53.139 - - [09/Dec/2025:02:27:09 +0300] "GET /xmlrpc.php HTTP/1.1" 499 0 "https://duckduckgo.com/" "Mozilla/5.0 (Linux; Android 12; SM-A525F) AppleWebKit/537.36 (KHTML, like Gecko) Chrome/117.0.0.0 Mobile Safari/537.36"
4.218.15.245 - - [09/Dec/2025:02:27:10 +0300] "GET /wp-content/themes/nxc.php HTTP/1.0" 404 769404 "https://www.yahoo.com/" "Mozilla/5.0 (iPhone; CPU iPhone OS 16_6_1 like Mac OS X) AppleWebKit/605.1.15 (KHTML, like Gecko) Version/16.6 Mobile/15E148 Safari/604.1"
4.194.53.139 - - [09/Dec/2025:02:27:10 +0300] "GET /xmlrpc.php HTTP/1.1" 499 0 "https://duckduckgo.com/" "Mozilla/5.0 (Linux; Android 12; SM-A525F) AppleWebKit/537.36 (KHTML, like Gecko) Chrome/117.0.0.0 Mobile Safari/537.36"
4.218.15.245 - - [09/Dec/2025:02:27:11 +0300] "GET /wp-content/themes/pridmag/nxc.php HTTP/1.0" 404 769404 "https://www.google.de/" "Mozilla/5.0 (Linux; Android 11; CPH2251) AppleWebKit/537.36 (KHTML, like Gecko) Chrome/116.0.0.0 Mobile Safari/537.36"
4.194.53.139 - - [09/Dec/2025:02:27:12 +0300] "GET /xmlrpc.php HTTP/1.1" 499 0 "https://duckduckgo.com/" "Mozilla/5.0 (Linux; Android 12; SM-A525F) AppleWebKit/537.36 (KHTML, like Gecko) Chrome/117.0.0.0 Mobile Safari/537.36"
4.218.15.245 - - [09/Dec/2025:02:27:12 +0300] "GET /wp-content/themes/shorts.php HTTP/1.0" 404 769404 "https://www.bing.com/" "Mozilla/5.0 (Linux; Android 10; LM-Q720) AppleWebKit/537.36 (KHTML, like Gecko) Chrome/116.0.0.0 Mobile Safari/537.36"
4.194.53.139 - - [09/Dec/2025:02:27:12 +0300] "GET /xmlrpc.php HTTP/1.1" 499 0 "https://duckduckgo.com/" "Mozilla/5.0 (Linux; Android 12; SM-A525F) AppleWebKit/537.36 (KHTML, like Gecko) Chrome/117.0.0.0 Mobile Safari/537.36"
4.218.15.245 - - [09/Dec/2025:02:27:13 +0300] "GET /wp-content/themes/too.php HTTP/1.0" 404 769404 "https://www.google.de/" "Mozilla/5.0 (iPad; CPU OS 16_7_2 like Mac OS X) AppleWebKit/605.1.15 (KHTML, like Gecko) Version/16.6 Mobile/15E148 Safari/604.1"
4.218.15.245 - - [09/Dec/2025:02:27:13 +0300] "GET /wp-content/themes/travelscape/json.php HTTP/1.0" 404 769404 "https://www.bing.com/" "Mozilla/5.0 (iPad; CPU OS 17_0_3 like Mac OS X) AppleWebKit/605.1.15 (KHTML, like Gecko) Version/17.0.1 Mobile/15E148 Safari/604.1"
4.218.15.245 - - [09/Dec/2025:02:27:14 +0300] "GET /wp-content/themes/twentytwenty/404.php HTTP/1.0" 404 769404 "https://www.google.de/" "Mozilla/5.0 (Linux; Android 10; K) AppleWebKit/537.36 (KHTML, like Gecko) Chrome/117.0.0.0 Mobile Safari/537.36"
4.218.15.245 - - [09/Dec/2025:02:27:15 +0300] "GET /wp-content/uploads/ HTTP/1.0" 403 769509 "https://www.google.co.uk/" "Mozilla/5.0 (iPhone; CPU iPhone OS 17_0_3 like Mac OS X) AppleWebKit/605.1.15 (KHTML, like Gecko) Version/17.0.1 Mobile/15E148 Safari/604.1"
4.218.15.245 - - [09/Dec/2025:02:27:15 +0300] "GET /wp-content/uploads/about.php HTTP/1.0" 404 769404 "https://www.google.fr/" "Mozilla/5.0 (Linux; Android 13; M2101K6G) AppleWebKit/537.36 (KHTML, like Gecko) Chrome/116.0.0.0 Mobile Safari/537.36"
17.241.219.150 - - [09/Dec/2025:02:27:17 +0300] "GET /vakansii/marketing-i-reklama HTTP/1.0" 404 769404 "-" "Mozilla/5.0 (Macintosh; Intel Mac OS X 10_15_7) AppleWebKit/605.1.15 (KHTML, like Gecko) Version/17.4 Safari/605.1.15 (Applebot/0.1; +http://www.apple.com/go/applebot)"
4.218.15.245 - - [09/Dec/2025:02:27:20 +0300] "GET /wp-content/uploads/index.php HTTP/1.0" 404 769404 "https://www.google.com/" "Mozilla/5.0 (Linux; Android 13; SM-G991U) AppleWebKit/537.36 (KHTML, like Gecko) Chrome/117.0.0.0 Mobile Safari/537.36"
